// Jest Snapshot v1, https://jestjs.io/docs/snapshot-testing

exports[`Home2 Section4 Component matches snapshot 1`] = `
<div>
  <div
    class="team2-section-area sp1"
  >
    <div
      class="container"
    >
      <div
        class="row"
      >
        <div
          class="col-lg-5 m-auto"
        >
          <div
            class="team2-header heading4 space-margin60 text-center"
          >
            <h5>
              our 10+ event speakers
            </h5>
            <div
              class="space18"
            />
            <h2
              class="text-anime-style-3"
            >
              Our Event Speakers
            </h2>
          </div>
        </div>
      </div>
      <div
        class="row"
      >
        <div
          class="col-lg-3 col-md-6"
          data-aos="zoom-in"
          data-aos-duration="900"
        >
          <div
            class="our-team-boxarea"
          >
            <div
              class="team-widget-area"
            >
              <div
                class="img1"
              >
                <img
                  alt=""
                  class="team-img4"
                  src="/assets/img/all-images/team/team-img4.png"
                />
                <img
                  alt=""
                  class="team-img8"
                  src="/assets/img/elements/elements16.png"
                />
                <ul>
                  <li>
                    <a
                      href="/#"
                    >
                      <i
                        class="fa-brands fa-facebook-f"
                      />
                    </a>
                  </li>
                  <li>
                    <a
                      href="/#"
                    >
                      <i
                        class="fa-brands fa-linkedin-in"
                      />
                    </a>
                  </li>
                  <li>
                    <a
                      class="m-0"
                      href="/#"
                    >
                      <i
                        class="fa-brands fa-instagram"
                      />
                    </a>
                  </li>
                </ul>
              </div>
            </div>
            <div
              class="space28"
            />
            <div
              class="content-area"
            >
              <a
                href="/speakers"
              >
                Alex Robertson
              </a>
              <div
                class="space16"
              />
              <p>
                Finance Consultant
              </p>
            </div>
          </div>
        </div>
        <div
          class="col-lg-3 col-md-6"
          data-aos="zoom-in"
          data-aos-duration="1000"
        >
          <div
            class="our-team-boxarea"
          >
            <div
              class="team-widget-area"
            >
              <div
                class="img1"
              >
                <img
                  alt=""
                  class="team-img4"
                  src="/assets/img/all-images/team/team-img5.png"
                />
                <img
                  alt=""
                  class="team-img8"
                  src="/assets/img/elements/elements16.png"
                />
                <ul>
                  <li>
                    <a
                      href="/#"
                    >
                      <i
                        class="fa-brands fa-facebook-f"
                      />
                    </a>
                  </li>
                  <li>
                    <a
                      href="/#"
                    >
                      <i
                        class="fa-brands fa-linkedin-in"
                      />
                    </a>
                  </li>
                  <li>
                    <a
                      class="m-0"
                      href="/#"
                    >
                      <i
                        class="fa-brands fa-instagram"
                      />
                    </a>
                  </li>
                </ul>
              </div>
            </div>
            <div
              class="space28"
            />
            <div
              class="content-area"
            >
              <a
                href="/speakers"
              >
                Alexy Sammo
              </a>
              <div
                class="space16"
              />
              <p>
                HR Consultant
              </p>
            </div>
          </div>
        </div>
        <div
          class="col-lg-3 col-md-6"
          data-aos="zoom-in"
          data-aos-duration="1100"
        >
          <div
            class="our-team-boxarea"
          >
            <div
              class="team-widget-area"
            >
              <div
                class="img1"
              >
                <img
                  alt=""
                  class="team-img4"
                  src="/assets/img/all-images/team/team-img6.png"
                />
                <img
                  alt=""
                  class="team-img8"
                  src="/assets/img/elements/elements16.png"
                />
                <ul>
                  <li>
                    <a
                      href="/#"
                    >
                      <i
                        class="fa-brands fa-facebook-f"
                      />
                    </a>
                  </li>
                  <li>
                    <a
                      href="/#"
                    >
                      <i
                        class="fa-brands fa-linkedin-in"
                      />
                    </a>
                  </li>
                  <li>
                    <a
                      class="m-0"
                      href="/#"
                    >
                      <i
                        class="fa-brands fa-instagram"
                      />
                    </a>
                  </li>
                </ul>
              </div>
            </div>
            <div
              class="space28"
            />
            <div
              class="content-area"
            >
              <a
                href="/speakers"
              >
                Andrew Symonds
              </a>
              <div
                class="space16"
              />
              <p>
                Finance Consultant
              </p>
            </div>
          </div>
        </div>
        <div
          class="col-lg-3 col-md-6"
          data-aos="zoom-in"
          data-aos-duration="1200"
        >
          <div
            class="our-team-boxarea"
          >
            <div
              class="team-widget-area"
            >
              <div
                class="img1"
              >
                <img
                  alt=""
                  class="team-img4"
                  src="/assets/img/all-images/team/team-img7.png"
                />
                <img
                  alt=""
                  class="team-img8"
                  src="/assets/img/elements/elements16.png"
                />
                <ul>
                  <li>
                    <a
                      href="/#"
                    >
                      <i
                        class="fa-brands fa-facebook-f"
                      />
                    </a>
                  </li>
                  <li>
                    <a
                      href="/#"
                    >
                      <i
                        class="fa-brands fa-linkedin-in"
                      />
                    </a>
                  </li>
                  <li>
                    <a
                      class="m-0"
                      href="/#"
                    >
                      <i
                        class="fa-brands fa-instagram"
                      />
                    </a>
                  </li>
                </ul>
              </div>
            </div>
            <div
              class="space28"
            />
            <div
              class="content-area"
            >
              <a
                href="/speakers"
              >
                Ben Stokes
              </a>
              <div
                class="space16"
              />
              <p>
                Finance Consultant
              </p>
            </div>
          </div>
        </div>
      </div>
    </div>
  </div>
</div>
`;
