// Jest Snapshot v1, https://jestjs.io/docs/snapshot-testing

exports[`Countdown Component matches snapshot 1`] = `
<div>
  <div
    class="timer"
  >
    <div
      class="time-box"
    >
      <span
        class="time-value"
        id="days1"
      >
        92
      </span>
      <br />
      Days
    </div>
    <div
      class="space14"
    />
    <div
      class="time-box"
    >
      <span
        class="time-value"
        id="hours1"
      >
        10
      </span>
      <br />
      Hours
    </div>
    <div
      class="space14"
    />
    <div
      class="time-box"
    >
      <span
        class="time-value"
        id="minutes1"
      >
        25
      </span>
      <br />
      Minutes
    </div>
    <div
      class="space14"
    />
    <div
      class="time-box"
      style="margin: 0px 26px 0px 0px;"
    >
      <span
        class="time-value"
        id="seconds1"
      >
        0
      </span>
      <br />
      Seconds
    </div>
  </div>
</div>
`;
