// Jest Snapshot v1, https://jestjs.io/docs/snapshot-testing

exports[`FaqContent Component matches snapshot 1`] = `
<div>
  <div
    class="faq-inner-section-area sp1"
  >
    <div
      class="container"
    >
      <div
        class="row"
      >
        <div
          class="col-lg-7 m-auto"
        >
          <div
            class="heading2 text-center space-margin60"
          >
            <h2>
              Frequently Asked Question
            </h2>
          </div>
        </div>
      </div>
      <div
        class="row"
      >
        <div
          class="col-lg-11"
        >
          <div
            class="faq-widget-area"
          >
            <ul
              class="nav nav-pills"
              id="pills-tab"
              role="tablist"
            >
              <li
                class="nav-item"
              >
                <button
                  aria-controls="pills-home"
                  aria-selected="true"
                  class="nav-link active "
                  data-bs-target="#pills-home"
                  data-bs-toggle="pill"
                  id="pills-home-tab"
                  role="tab"
                  type="button"
                >
                  All
                </button>
              </li>
              <li
                class="nav-item"
              >
                <button
                  aria-controls="pills-profile"
                  aria-selected="false"
                  class="nav-link  "
                  data-bs-target="#pills-profile"
                  data-bs-toggle="pill"
                  id="pills-profile-tab"
                  role="tab"
                  type="button"
                >
                  Event Information
                </button>
              </li>
              <li
                class="nav-item"
              >
                <button
                  aria-controls="pills-contact"
                  aria-selected="false"
                  class="nav-link  "
                  data-bs-target="#pills-contact"
                  data-bs-toggle="pill"
                  id="pills-contact-tab"
                  role="tab"
                  type="button"
                >
                  Registration & Tickets
                </button>
              </li>
              <li
                class="nav-item"
              >
                <button
                  aria-controls="pills-contact1"
                  aria-selected="false"
                  class="nav-link  "
                  data-bs-target="#pills-contact1"
                  data-bs-toggle="pill"
                  id="pills-contact1-tab"
                  role="tab"
                  type="button"
                >
                  Event Experience
                </button>
              </li>
              <li
                class="nav-item"
              >
                <button
                  aria-controls="pills-contact2"
                  aria-selected="false"
                  class="nav-link  m-0"
                  data-bs-target="#pills-contact2"
                  data-bs-toggle="pill"
                  id="pills-contact2-tab"
                  role="tab"
                  type="button"
                >
                  Speakers & Sessions
                </button>
              </li>
            </ul>
            <div
              class="space48"
            />
            <div
              class="tab-content"
              id="pills-tabContent"
            >
              <div
                aria-labelledby="pills-home-tab"
                class="tab-pane fade show active"
                id="pills-home"
                role="tabpanel"
                tabindex="0"
              >
                <div
                  class="faq-section-area"
                >
                  <div
                    class="row"
                  >
                    <div
                      class="col-lg-6"
                    >
                      <div
                        class="accordian-area"
                      >
                        <div
                          class="accordion"
                          id="accordionExample1"
                        >
                          <div
                            class="accordion-item"
                          >
                            <h2
                              class="accordion-header"
                            >
                              <button
                                aria-controls="collapse-1"
                                aria-expanded="true"
                                class="accordion-button "
                                data-bs-target="#collapse-1"
                                data-bs-toggle="collapse"
                                type="button"
                              >
                                What is Eventify, and who is it for?
                              </button>
                            </h2>
                            <div
                              class="accordion-collapse collapse show"
                              data-bs-parent="#accordionExample1"
                              id="collapse-1"
                            >
                              <div
                                class="accordion-body"
                              >
                                <p>
                                  Eventify 2024 will be held on 26 at USA , located in New York. Full event details, including timings and venue information, will be provided after registration.
                                </p>
                              </div>
                            </div>
                            <div
                              class="space20"
                            />
                          </div>
                          <div
                            class="accordion-item"
                          >
                            <h2
                              class="accordion-header"
                            >
                              <button
                                aria-controls="collapse-2"
                                aria-expanded="false"
                                class="accordion-button collapsed"
                                data-bs-target="#collapse-2"
                                data-bs-toggle="collapse"
                                type="button"
                              >
                                When and where is Eventify 2024 taking place?
                              </button>
                            </h2>
                            <div
                              class="accordion-collapse collapse "
                              data-bs-parent="#accordionExample1"
                              id="collapse-2"
                            >
                              <div
                                class="accordion-body"
                              >
                                <p>
                                  Eventify 2024 will be held on 26 at USA , located in New York. Full event details, including timings and venue information, will be provided after registration.
                                </p>
                              </div>
                            </div>
                            <div
                              class="space20"
                            />
                          </div>
                          <div
                            class="accordion-item"
                          >
                            <h2
                              class="accordion-header"
                            >
                              <button
                                aria-controls="collapse-3"
                                aria-expanded="false"
                                class="accordion-button collapsed"
                                data-bs-target="#collapse-3"
                                data-bs-toggle="collapse"
                                type="button"
                              >
                                How much does it cost to attend Eventify 2024?
                              </button>
                            </h2>
                            <div
                              class="accordion-collapse collapse "
                              data-bs-parent="#accordionExample1"
                              id="collapse-3"
                            >
                              <div
                                class="accordion-body"
                              >
                                <p>
                                  Eventify 2024 will be held on 26 at USA , located in New York. Full event details, including timings and venue information, will be provided after registration.
                                </p>
                              </div>
                            </div>
                            <div
                              class="space20"
                            />
                          </div>
                          <div
                            class="accordion-item"
                          >
                            <h2
                              class="accordion-header"
                            >
                              <button
                                aria-controls="collapse-4"
                                aria-expanded="false"
                                class="accordion-button collapsed"
                                data-bs-target="#collapse-4"
                                data-bs-toggle="collapse"
                                type="button"
                              >
                                Will there be networking opportunities Eventify?
                              </button>
                            </h2>
                            <div
                              class="accordion-collapse collapse "
                              data-bs-parent="#accordionExample1"
                              id="collapse-4"
                            >
                              <div
                                class="accordion-body"
                              >
                                <p>
                                  Eventify 2024 will be held on 26 at USA , located in New York. Full event details, including timings and venue information, will be provided after registration.
                                </p>
                              </div>
                            </div>
                            <div
                              class="space20"
                            />
                          </div>
                          <div
                            class="accordion-item"
                          >
                            <h2
                              class="accordion-header"
                            >
                              <button
                                aria-controls="collapse-5"
                                aria-expanded="false"
                                class="accordion-button collapsed"
                                data-bs-target="#collapse-5"
                                data-bs-toggle="collapse"
                                type="button"
                              >
                                How can I access session materials after event?
                              </button>
                            </h2>
                            <div
                              class="accordion-collapse collapse "
                              data-bs-parent="#accordionExample1"
                              id="collapse-5"
                            >
                              <div
                                class="accordion-body"
                              >
                                <p>
                                  Eventify 2024 will be held on 26 at USA , located in New York. Full event details, including timings and venue information, will be provided after registration.
                                </p>
                              </div>
                            </div>
                          </div>
                        </div>
                      </div>
                    </div>
                    <div
                      class="col-lg-6"
                    >
                      <div
                        class="accordian-area"
                      >
                        <div
                          class="accordion"
                          id="accordionExample1"
                        >
                          <div
                            class="accordion-item"
                          >
                            <h2
                              class="accordion-header"
                            >
                              <button
                                aria-controls="collapse-6"
                                aria-expanded="false"
                                class="accordion-button collapsed"
                                data-bs-target="#collapse-6"
                                data-bs-toggle="collapse"
                                type="button"
                              >
                                What payment are accepted for registration?
                              </button>
                            </h2>
                            <div
                              class="accordion-collapse collapse "
                              data-bs-parent="#accordionExample1"
                              id="collapse-6"
                            >
                              <div
                                class="accordion-body"
                              >
                                <p>
                                  Eventify 2024 will be held on 26 at USA , located in New York. Full event details, including timings and venue information, will be provided after registration.
                                </p>
                              </div>
                            </div>
                            <div
                              class="space20"
                            />
                          </div>
                          <div
                            class="accordion-item"
                          >
                            <h2
                              class="accordion-header"
                            >
                              <button
                                aria-controls="collapse-7"
                                aria-expanded="false"
                                class="accordion-button collapsed"
                                data-bs-target="#collapse-7"
                                data-bs-toggle="collapse"
                                type="button"
                              >
                                Can I attend only one day of the conference?
                              </button>
                            </h2>
                            <div
                              class="accordion-collapse collapse "
                              data-bs-parent="#accordionExample1"
                              id="collapse-7"
                            >
                              <div
                                class="accordion-body"
                              >
                                <p>
                                  Eventify 2024 will be held on 26 at USA , located in New York. Full event details, including timings and venue information, will be provided after registration.
                                </p>
                              </div>
                            </div>
                            <div
                              class="space20"
                            />
                          </div>
                          <div
                            class="accordion-item"
                          >
                            <h2
                              class="accordion-header"
                            >
                              <button
                                aria-controls="collapse-8"
                                aria-expanded="false"
                                class="accordion-button collapsed"
                                data-bs-target="#collapse-8"
                                data-bs-toggle="collapse"
                                type="button"
                              >
                                How can I updated on event announcements?
                              </button>
                            </h2>
                            <div
                              class="accordion-collapse collapse "
                              data-bs-parent="#accordionExample1"
                              id="collapse-8"
                            >
                              <div
                                class="accordion-body"
                              >
                                <p>
                                  Eventify 2024 will be held on 26 at USA , located in New York. Full event details, including timings and venue information, will be provided after registration.
                                </p>
                              </div>
                            </div>
                            <div
                              class="space20"
                            />
                          </div>
                          <div
                            class="accordion-item"
                          >
                            <h2
                              class="accordion-header"
                            >
                              <button
                                aria-controls="collapse-9"
                                aria-expanded="false"
                                class="accordion-button collapsed"
                                data-bs-target="#collapse-9"
                                data-bs-toggle="collapse"
                                type="button"
                              >
                                How do I download the event app?
                              </button>
                            </h2>
                            <div
                              class="accordion-collapse collapse "
                              data-bs-parent="#accordionExample1"
                              id="collapse-9"
                            >
                              <div
                                class="accordion-body"
                              >
                                <p>
                                  Eventify 2024 will be held on 26 at USA , located in New York. Full event details, including timings and venue information, will be provided after registration.
                                </p>
                              </div>
                            </div>
                            <div
                              class="space20"
                            />
                          </div>
                          <div
                            class="accordion-item"
                          >
                            <h2
                              class="accordion-header"
                            >
                              <button
                                aria-controls="collapse-10"
                                aria-expanded="false"
                                class="accordion-button collapsed"
                                data-bs-target="#collapse-10"
                                data-bs-toggle="collapse"
                                type="button"
                              >
                                Can I suggest or speakers for future events?
                              </button>
                            </h2>
                            <div
                              class="accordion-collapse collapse "
                              data-bs-parent="#accordionExample1"
                              id="collapse-10"
                            >
                              <div
                                class="accordion-body"
                              >
                                <p>
                                  Eventify 2024 will be held on 26 at USA , located in New York. Full event details, including timings and venue information, will be provided after registration.
                                </p>
                              </div>
                            </div>
                          </div>
                        </div>
                      </div>
                    </div>
                  </div>
                </div>
              </div>
              <div
                aria-labelledby="pills-profile-tab"
                class="tab-pane fade "
                id="pills-profile"
                role="tabpanel"
                tabindex="0"
              >
                <div
                  class="faq-section-area"
                >
                  <div
                    class="row"
                  >
                    <div
                      class="col-lg-6"
                    >
                      <div
                        class="accordian-area"
                      >
                        <div
                          class="accordion"
                          id="accordionExample2"
                        >
                          <div
                            class="accordion-item"
                          >
                            <h2
                              class="accordion-header"
                            >
                              <button
                                aria-controls="collapse-11"
                                aria-expanded="false"
                                class="accordion-button collapsed"
                                data-bs-target="#collapse-11"
                                data-bs-toggle="collapse"
                                type="button"
                              >
                                What is Eventify, and who is it for?
                              </button>
                            </h2>
                            <div
                              class="accordion-collapse collapse "
                              data-bs-parent="#accordionExample2"
                              id="collapse-11"
                            >
                              <div
                                class="accordion-body"
                              >
                                <p>
                                  Eventify 2024 will be held on 26 at USA , located in New York. Full event details, including timings and venue information, will be provided after registration.
                                </p>
                              </div>
                            </div>
                            <div
                              class="space20"
                            />
                          </div>
                          <div
                            class="accordion-item"
                          >
                            <h2
                              class="accordion-header"
                            >
                              <button
                                aria-controls="collapse-12"
                                aria-expanded="false"
                                class="accordion-button collapsed"
                                data-bs-target="#collapse-12"
                                data-bs-toggle="collapse"
                                type="button"
                              >
                                When and where is Eventify 2024 taking place?
                              </button>
                            </h2>
                            <div
                              class="accordion-collapse collapse "
                              data-bs-parent="#accordionExample2"
                              id="collapse-12"
                            >
                              <div
                                class="accordion-body"
                              >
                                <p>
                                  Eventify 2024 will be held on 26 at USA , located in New York. Full event details, including timings and venue information, will be provided after registration.
                                </p>
                              </div>
                            </div>
                            <div
                              class="space20"
                            />
                          </div>
                          <div
                            class="accordion-item"
                          >
                            <h2
                              class="accordion-header"
                            >
                              <button
                                aria-controls="collapse-13"
                                aria-expanded="false"
                                class="accordion-button collapsed"
                                data-bs-target="#collapse-13"
                                data-bs-toggle="collapse"
                                type="button"
                              >
                                How much does it cost to attend Eventify 2024?
                              </button>
                            </h2>
                            <div
                              class="accordion-collapse collapse "
                              data-bs-parent="#accordionExample2"
                              id="collapse-13"
                            >
                              <div
                                class="accordion-body"
                              >
                                <p>
                                  Eventify 2024 will be held on 26 at USA , located in New York. Full event details, including timings and venue information, will be provided after registration.
                                </p>
                              </div>
                            </div>
                            <div
                              class="space20"
                            />
                          </div>
                          <div
                            class="accordion-item"
                          >
                            <h2
                              class="accordion-header"
                            >
                              <button
                                aria-controls="collapse-14"
                                aria-expanded="false"
                                class="accordion-button collapsed"
                                data-bs-target="#collapse-14"
                                data-bs-toggle="collapse"
                                type="button"
                              >
                                Will there be networking opportunities Eventify?
                              </button>
                            </h2>
                            <div
                              class="accordion-collapse collapse "
                              data-bs-parent="#accordionExample2"
                              id="collapse-14"
                            >
                              <div
                                class="accordion-body"
                              >
                                <p>
                                  Eventify 2024 will be held on 26 at USA , located in New York. Full event details, including timings and venue information, will be provided after registration.
                                </p>
                              </div>
                            </div>
                            <div
                              class="space20"
                            />
                          </div>
                          <div
                            class="accordion-item"
                          >
                            <h2
                              class="accordion-header"
                            >
                              <button
                                aria-controls="collapse-15"
                                aria-expanded="false"
                                class="accordion-button collapsed"
                                data-bs-target="#collapse-15"
                                data-bs-toggle="collapse"
                                type="button"
                              >
                                How can I access session materials after event?
                              </button>
                            </h2>
                            <div
                              class="accordion-collapse collapse "
                              data-bs-parent="#accordionExample2"
                              id="collapse-15"
                            >
                              <div
                                class="accordion-body"
                              >
                                <p>
                                  Eventify 2024 will be held on 26 at USA , located in New York. Full event details, including timings and venue information, will be provided after registration.
                                </p>
                              </div>
                            </div>
                          </div>
                        </div>
                      </div>
                    </div>
                    <div
                      class="col-lg-6"
                    >
                      <div
                        class="accordian-area"
                      >
                        <div
                          class="accordion"
                          id="accordionExample2"
                        >
                          <div
                            class="accordion-item"
                          >
                            <h2
                              class="accordion-header"
                            >
                              <button
                                aria-controls="collapse-16"
                                aria-expanded="false"
                                class="accordion-button collapsed"
                                data-bs-target="#collapse-16"
                                data-bs-toggle="collapse"
                                type="button"
                              >
                                What payment are accepted for registration?
                              </button>
                            </h2>
                            <div
                              class="accordion-collapse collapse "
                              data-bs-parent="#accordionExample2"
                              id="collapse-16"
                            >
                              <div
                                class="accordion-body"
                              >
                                <p>
                                  Eventify 2024 will be held on 26 at USA , located in New York. Full event details, including timings and venue information, will be provided after registration.
                                </p>
                              </div>
                            </div>
                            <div
                              class="space20"
                            />
                          </div>
                          <div
                            class="accordion-item"
                          >
                            <h2
                              class="accordion-header"
                            >
                              <button
                                aria-controls="collapse-17"
                                aria-expanded="false"
                                class="accordion-button collapsed"
                                data-bs-target="#collapse-17"
                                data-bs-toggle="collapse"
                                type="button"
                              >
                                Can I attend only one day of the conference?
                              </button>
                            </h2>
                            <div
                              class="accordion-collapse collapse "
                              data-bs-parent="#accordionExample2"
                              id="collapse-17"
                            >
                              <div
                                class="accordion-body"
                              >
                                <p>
                                  Eventify 2024 will be held on 26 at USA , located in New York. Full event details, including timings and venue information, will be provided after registration.
                                </p>
                              </div>
                            </div>
                            <div
                              class="space20"
                            />
                          </div>
                          <div
                            class="accordion-item"
                          >
                            <h2
                              class="accordion-header"
                            >
                              <button
                                aria-controls="collapse-18"
                                aria-expanded="false"
                                class="accordion-button collapsed"
                                data-bs-target="#collapse-18"
                                data-bs-toggle="collapse"
                                type="button"
                              >
                                How can I updated on event announcements?
                              </button>
                            </h2>
                            <div
                              class="accordion-collapse collapse "
                              data-bs-parent="#accordionExample2"
                              id="collapse-18"
                            >
                              <div
                                class="accordion-body"
                              >
                                <p>
                                  Eventify 2024 will be held on 26 at USA , located in New York. Full event details, including timings and venue information, will be provided after registration.
                                </p>
                              </div>
                            </div>
                            <div
                              class="space20"
                            />
                          </div>
                          <div
                            class="accordion-item"
                          >
                            <h2
                              class="accordion-header"
                            >
                              <button
                                aria-controls="collapse-19"
                                aria-expanded="false"
                                class="accordion-button collapsed"
                                data-bs-target="#collapse-19"
                                data-bs-toggle="collapse"
                                type="button"
                              >
                                How do I download the event app?
                              </button>
                            </h2>
                            <div
                              class="accordion-collapse collapse "
                              data-bs-parent="#accordionExample2"
                              id="collapse-19"
                            >
                              <div
                                class="accordion-body"
                              >
                                <p>
                                  Eventify 2024 will be held on 26 at USA , located in New York. Full event details, including timings and venue information, will be provided after registration.
                                </p>
                              </div>
                            </div>
                            <div
                              class="space20"
                            />
                          </div>
                          <div
                            class="accordion-item"
                          >
                            <h2
                              class="accordion-header"
                            >
                              <button
                                aria-controls="collapse-20"
                                aria-expanded="false"
                                class="accordion-button collapsed"
                                data-bs-target="#collapse-20"
                                data-bs-toggle="collapse"
                                type="button"
                              >
                                Can I suggest or speakers for future events?
                              </button>
                            </h2>
                            <div
                              class="accordion-collapse collapse "
                              data-bs-parent="#accordionExample2"
                              id="collapse-20"
                            >
                              <div
                                class="accordion-body"
                              >
                                <p>
                                  Eventify 2024 will be held on 26 at USA , located in New York. Full event details, including timings and venue information, will be provided after registration.
                                </p>
                              </div>
                            </div>
                          </div>
                        </div>
                      </div>
                    </div>
                  </div>
                </div>
              </div>
              <div
                aria-labelledby="pills-contact-tab"
                class="tab-pane fade "
                id="pills-contact"
                role="tabpanel"
                tabindex="0"
              >
                <div
                  class="faq-section-area"
                >
                  <div
                    class="row"
                  >
                    <div
                      class="col-lg-6"
                    >
                      <div
                        class="accordian-area"
                      >
                        <div
                          class="accordion"
                          id="accordionExample3"
                        >
                          <div
                            class="accordion-item"
                          >
                            <h2
                              class="accordion-header"
                            >
                              <button
                                aria-controls="collapse-21"
                                aria-expanded="false"
                                class="accordion-button collapsed"
                                data-bs-target="#collapse-21"
                                data-bs-toggle="collapse"
                                type="button"
                              >
                                What is Eventify, and who is it for?
                              </button>
                            </h2>
                            <div
                              class="accordion-collapse collapse "
                              data-bs-parent="#accordionExample3"
                              id="collapse-21"
                            >
                              <div
                                class="accordion-body"
                              >
                                <p>
                                  Eventify 2024 will be held on 26 at USA , located in New York. Full event details, including timings and venue information, will be provided after registration.
                                </p>
                              </div>
                            </div>
                            <div
                              class="space20"
                            />
                          </div>
                          <div
                            class="accordion-item"
                          >
                            <h2
                              class="accordion-header"
                            >
                              <button
                                aria-controls="collapse-22"
                                aria-expanded="false"
                                class="accordion-button collapsed"
                                data-bs-target="#collapse-22"
                                data-bs-toggle="collapse"
                                type="button"
                              >
                                When and where is Eventify 2024 taking place?
                              </button>
                            </h2>
                            <div
                              class="accordion-collapse collapse "
                              data-bs-parent="#accordionExample3"
                              id="collapse-22"
                            >
                              <div
                                class="accordion-body"
                              >
                                <p>
                                  Eventify 2024 will be held on 26 at USA , located in New York. Full event details, including timings and venue information, will be provided after registration.
                                </p>
                              </div>
                            </div>
                            <div
                              class="space20"
                            />
                          </div>
                          <div
                            class="accordion-item"
                          >
                            <h2
                              class="accordion-header"
                            >
                              <button
                                aria-controls="collapse-23"
                                aria-expanded="false"
                                class="accordion-button collapsed"
                                data-bs-target="#collapse-23"
                                data-bs-toggle="collapse"
                                type="button"
                              >
                                How much does it cost to attend Eventify 2024?
                              </button>
                            </h2>
                            <div
                              class="accordion-collapse collapse "
                              data-bs-parent="#accordionExample3"
                              id="collapse-23"
                            >
                              <div
                                class="accordion-body"
                              >
                                <p>
                                  Eventify 2024 will be held on 26 at USA , located in New York. Full event details, including timings and venue information, will be provided after registration.
                                </p>
                              </div>
                            </div>
                            <div
                              class="space20"
                            />
                          </div>
                          <div
                            class="accordion-item"
                          >
                            <h2
                              class="accordion-header"
                            >
                              <button
                                aria-controls="collapse-24"
                                aria-expanded="false"
                                class="accordion-button collapsed"
                                data-bs-target="#collapse-24"
                                data-bs-toggle="collapse"
                                type="button"
                              >
                                Will there be networking opportunities Eventify?
                              </button>
                            </h2>
                            <div
                              class="accordion-collapse collapse "
                              data-bs-parent="#accordionExample3"
                              id="collapse-24"
                            >
                              <div
                                class="accordion-body"
                              >
                                <p>
                                  Eventify 2024 will be held on 26 at USA , located in New York. Full event details, including timings and venue information, will be provided after registration.
                                </p>
                              </div>
                            </div>
                            <div
                              class="space20"
                            />
                          </div>
                          <div
                            class="accordion-item"
                          >
                            <h2
                              class="accordion-header"
                            >
                              <button
                                aria-controls="collapse-25"
                                aria-expanded="false"
                                class="accordion-button collapsed"
                                data-bs-target="#collapse-25"
                                data-bs-toggle="collapse"
                                type="button"
                              >
                                How can I access session materials after event?
                              </button>
                            </h2>
                            <div
                              class="accordion-collapse collapse "
                              data-bs-parent="#accordionExample3"
                              id="collapse-25"
                            >
                              <div
                                class="accordion-body"
                              >
                                <p>
                                  Eventify 2024 will be held on 26 at USA , located in New York. Full event details, including timings and venue information, will be provided after registration.
                                </p>
                              </div>
                            </div>
                          </div>
                        </div>
                      </div>
                    </div>
                    <div
                      class="col-lg-6"
                    >
                      <div
                        class="accordian-area"
                      >
                        <div
                          class="accordion"
                          id="accordionExample3"
                        >
                          <div
                            class="accordion-item"
                          >
                            <h2
                              class="accordion-header"
                            >
                              <button
                                aria-controls="collapse-26"
                                aria-expanded="false"
                                class="accordion-button collapsed"
                                data-bs-target="#collapse-26"
                                data-bs-toggle="collapse"
                                type="button"
                              >
                                What payment are accepted for registration?
                              </button>
                            </h2>
                            <div
                              class="accordion-collapse collapse "
                              data-bs-parent="#accordionExample3"
                              id="collapse-26"
                            >
                              <div
                                class="accordion-body"
                              >
                                <p>
                                  Eventify 2024 will be held on 26 at USA , located in New York. Full event details, including timings and venue information, will be provided after registration.
                                </p>
                              </div>
                            </div>
                            <div
                              class="space20"
                            />
                          </div>
                          <div
                            class="accordion-item"
                          >
                            <h2
                              class="accordion-header"
                            >
                              <button
                                aria-controls="collapse-27"
                                aria-expanded="false"
                                class="accordion-button collapsed"
                                data-bs-target="#collapse-27"
                                data-bs-toggle="collapse"
                                type="button"
                              >
                                Can I attend only one day of the conference?
                              </button>
                            </h2>
                            <div
                              class="accordion-collapse collapse "
                              data-bs-parent="#accordionExample3"
                              id="collapse-27"
                            >
                              <div
                                class="accordion-body"
                              >
                                <p>
                                  Eventify 2024 will be held on 26 at USA , located in New York. Full event details, including timings and venue information, will be provided after registration.
                                </p>
                              </div>
                            </div>
                            <div
                              class="space20"
                            />
                          </div>
                          <div
                            class="accordion-item"
                          >
                            <h2
                              class="accordion-header"
                            >
                              <button
                                aria-controls="collapse-28"
                                aria-expanded="false"
                                class="accordion-button collapsed"
                                data-bs-target="#collapse-28"
                                data-bs-toggle="collapse"
                                type="button"
                              >
                                How can I updated on event announcements?
                              </button>
                            </h2>
                            <div
                              class="accordion-collapse collapse "
                              data-bs-parent="#accordionExample3"
                              id="collapse-28"
                            >
                              <div
                                class="accordion-body"
                              >
                                <p>
                                  Eventify 2024 will be held on 26 at USA , located in New York. Full event details, including timings and venue information, will be provided after registration.
                                </p>
                              </div>
                            </div>
                            <div
                              class="space20"
                            />
                          </div>
                          <div
                            class="accordion-item"
                          >
                            <h2
                              class="accordion-header"
                            >
                              <button
                                aria-controls="collapse-29"
                                aria-expanded="false"
                                class="accordion-button collapsed"
                                data-bs-target="#collapse-29"
                                data-bs-toggle="collapse"
                                type="button"
                              >
                                How do I download the event app?
                              </button>
                            </h2>
                            <div
                              class="accordion-collapse collapse "
                              data-bs-parent="#accordionExample3"
                              id="collapse-29"
                            >
                              <div
                                class="accordion-body"
                              >
                                <p>
                                  Eventify 2024 will be held on 26 at USA , located in New York. Full event details, including timings and venue information, will be provided after registration.
                                </p>
                              </div>
                            </div>
                            <div
                              class="space20"
                            />
                          </div>
                          <div
                            class="accordion-item"
                          >
                            <h2
                              class="accordion-header"
                            >
                              <button
                                aria-controls="collapse-30"
                                aria-expanded="false"
                                class="accordion-button collapsed"
                                data-bs-target="#collapse-30"
                                data-bs-toggle="collapse"
                                type="button"
                              >
                                Can I suggest or speakers for future events?
                              </button>
                            </h2>
                            <div
                              class="accordion-collapse collapse "
                              data-bs-parent="#accordionExample3"
                              id="collapse-30"
                            >
                              <div
                                class="accordion-body"
                              >
                                <p>
                                  Eventify 2024 will be held on 26 at USA , located in New York. Full event details, including timings and venue information, will be provided after registration.
                                </p>
                              </div>
                            </div>
                          </div>
                        </div>
                      </div>
                    </div>
                  </div>
                </div>
              </div>
              <div
                aria-labelledby="pills-contact1-tab"
                class="tab-pane fade "
                id="pills-contact1"
                role="tabpanel"
                tabindex="0"
              >
                <div
                  class="faq-section-area"
                >
                  <div
                    class="row"
                  >
                    <div
                      class="col-lg-6"
                    >
                      <div
                        class="accordian-area"
                      >
                        <div
                          class="accordion"
                          id="accordionExample4"
                        >
                          <div
                            class="accordion-item"
                          >
                            <h2
                              class="accordion-header"
                            >
                              <button
                                aria-controls="collapse-31"
                                aria-expanded="false"
                                class="accordion-button collapsed"
                                data-bs-target="#collapse-31"
                                data-bs-toggle="collapse"
                                type="button"
                              >
                                What is Eventify, and who is it for?
                              </button>
                            </h2>
                            <div
                              class="accordion-collapse collapse "
                              data-bs-parent="#accordionExample4"
                              id="collapse-31"
                            >
                              <div
                                class="accordion-body"
                              >
                                <p>
                                  Eventify 2024 will be held on 26 at USA , located in New York. Full event details, including timings and venue information, will be provided after registration.
                                </p>
                              </div>
                            </div>
                            <div
                              class="space20"
                            />
                          </div>
                          <div
                            class="accordion-item"
                          >
                            <h2
                              class="accordion-header"
                            >
                              <button
                                aria-controls="collapse-32"
                                aria-expanded="false"
                                class="accordion-button collapsed"
                                data-bs-target="#collapse-32"
                                data-bs-toggle="collapse"
                                type="button"
                              >
                                When and where is Eventify 2024 taking place?
                              </button>
                            </h2>
                            <div
                              class="accordion-collapse collapse "
                              data-bs-parent="#accordionExample4"
                              id="collapse-32"
                            >
                              <div
                                class="accordion-body"
                              >
                                <p>
                                  Eventify 2024 will be held on 26 at USA , located in New York. Full event details, including timings and venue information, will be provided after registration.
                                </p>
                              </div>
                            </div>
                            <div
                              class="space20"
                            />
                          </div>
                          <div
                            class="accordion-item"
                          >
                            <h2
                              class="accordion-header"
                            >
                              <button
                                aria-controls="collapse-33"
                                aria-expanded="false"
                                class="accordion-button collapsed"
                                data-bs-target="#collapse-33"
                                data-bs-toggle="collapse"
                                type="button"
                              >
                                How much does it cost to attend Eventify 2024?
                              </button>
                            </h2>
                            <div
                              class="accordion-collapse collapse "
                              data-bs-parent="#accordionExample4"
                              id="collapse-33"
                            >
                              <div
                                class="accordion-body"
                              >
                                <p>
                                  Eventify 2024 will be held on 26 at USA , located in New York. Full event details, including timings and venue information, will be provided after registration.
                                </p>
                              </div>
                            </div>
                            <div
                              class="space20"
                            />
                          </div>
                          <div
                            class="accordion-item"
                          >
                            <h2
                              class="accordion-header"
                            >
                              <button
                                aria-controls="collapse-34"
                                aria-expanded="false"
                                class="accordion-button collapsed"
                                data-bs-target="#collapse-34"
                                data-bs-toggle="collapse"
                                type="button"
                              >
                                Will there be networking opportunities Eventify?
                              </button>
                            </h2>
                            <div
                              class="accordion-collapse collapse "
                              data-bs-parent="#accordionExample4"
                              id="collapse-34"
                            >
                              <div
                                class="accordion-body"
                              >
                                <p>
                                  Eventify 2024 will be held on 26 at USA , located in New York. Full event details, including timings and venue information, will be provided after registration.
                                </p>
                              </div>
                            </div>
                            <div
                              class="space20"
                            />
                          </div>
                          <div
                            class="accordion-item"
                          >
                            <h2
                              class="accordion-header"
                            >
                              <button
                                aria-controls="collapse-35"
                                aria-expanded="false"
                                class="accordion-button collapsed"
                                data-bs-target="#collapse-35"
                                data-bs-toggle="collapse"
                                type="button"
                              >
                                How can I access session materials after event?
                              </button>
                            </h2>
                            <div
                              class="accordion-collapse collapse "
                              data-bs-parent="#accordionExample4"
                              id="collapse-35"
                            >
                              <div
                                class="accordion-body"
                              >
                                <p>
                                  Eventify 2024 will be held on 26 at USA , located in New York. Full event details, including timings and venue information, will be provided after registration.
                                </p>
                              </div>
                            </div>
                          </div>
                        </div>
                      </div>
                    </div>
                    <div
                      class="col-lg-6"
                    >
                      <div
                        class="accordian-area"
                      >
                        <div
                          class="accordion"
                          id="accordionExample4"
                        >
                          <div
                            class="accordion-item"
                          >
                            <h2
                              class="accordion-header"
                            >
                              <button
                                aria-controls="collapse-36"
                                aria-expanded="false"
                                class="accordion-button collapsed"
                                data-bs-target="#collapse-36"
                                data-bs-toggle="collapse"
                                type="button"
                              >
                                What payment are accepted for registration?
                              </button>
                            </h2>
                            <div
                              class="accordion-collapse collapse "
                              data-bs-parent="#accordionExample4"
                              id="collapse-36"
                            >
                              <div
                                class="accordion-body"
                              >
                                <p>
                                  Eventify 2024 will be held on 26 at USA , located in New York. Full event details, including timings and venue information, will be provided after registration.
                                </p>
                              </div>
                            </div>
                            <div
                              class="space20"
                            />
                          </div>
                          <div
                            class="accordion-item"
                          >
                            <h2
                              class="accordion-header"
                            >
                              <button
                                aria-controls="collapse-37"
                                aria-expanded="false"
                                class="accordion-button collapsed"
                                data-bs-target="#collapse-37"
                                data-bs-toggle="collapse"
                                type="button"
                              >
                                Can I attend only one day of the conference?
                              </button>
                            </h2>
                            <div
                              class="accordion-collapse collapse "
                              data-bs-parent="#accordionExample4"
                              id="collapse-37"
                            >
                              <div
                                class="accordion-body"
                              >
                                <p>
                                  Eventify 2024 will be held on 26 at USA , located in New York. Full event details, including timings and venue information, will be provided after registration.
                                </p>
                              </div>
                            </div>
                            <div
                              class="space20"
                            />
                          </div>
                          <div
                            class="accordion-item"
                          >
                            <h2
                              class="accordion-header"
                            >
                              <button
                                aria-controls="collapse-38"
                                aria-expanded="false"
                                class="accordion-button collapsed"
                                data-bs-target="#collapse-38"
                                data-bs-toggle="collapse"
                                type="button"
                              >
                                How can I updated on event announcements?
                              </button>
                            </h2>
                            <div
                              class="accordion-collapse collapse "
                              data-bs-parent="#accordionExample4"
                              id="collapse-38"
                            >
                              <div
                                class="accordion-body"
                              >
                                <p>
                                  Eventify 2024 will be held on 26 at USA , located in New York. Full event details, including timings and venue information, will be provided after registration.
                                </p>
                              </div>
                            </div>
                            <div
                              class="space20"
                            />
                          </div>
                          <div
                            class="accordion-item"
                          >
                            <h2
                              class="accordion-header"
                            >
                              <button
                                aria-controls="collapse-39"
                                aria-expanded="false"
                                class="accordion-button collapsed"
                                data-bs-target="#collapse-39"
                                data-bs-toggle="collapse"
                                type="button"
                              >
                                How do I download the event app?
                              </button>
                            </h2>
                            <div
                              class="accordion-collapse collapse "
                              data-bs-parent="#accordionExample4"
                              id="collapse-39"
                            >
                              <div
                                class="accordion-body"
                              >
                                <p>
                                  Eventify 2024 will be held on 26 at USA , located in New York. Full event details, including timings and venue information, will be provided after registration.
                                </p>
                              </div>
                            </div>
                            <div
                              class="space20"
                            />
                          </div>
                          <div
                            class="accordion-item"
                          >
                            <h2
                              class="accordion-header"
                            >
                              <button
                                aria-controls="collapse-40"
                                aria-expanded="false"
                                class="accordion-button collapsed"
                                data-bs-target="#collapse-40"
                                data-bs-toggle="collapse"
                                type="button"
                              >
                                Can I suggest or speakers for future events?
                              </button>
                            </h2>
                            <div
                              class="accordion-collapse collapse "
                              data-bs-parent="#accordionExample4"
                              id="collapse-40"
                            >
                              <div
                                class="accordion-body"
                              >
                                <p>
                                  Eventify 2024 will be held on 26 at USA , located in New York. Full event details, including timings and venue information, will be provided after registration.
                                </p>
                              </div>
                            </div>
                          </div>
                        </div>
                      </div>
                    </div>
                  </div>
                </div>
              </div>
              <div
                aria-labelledby="pills-contact2-tab"
                class="tab-pane fade "
                id="pills-contact2"
                role="tabpanel"
                tabindex="0"
              >
                <div
                  class="faq-section-area"
                >
                  <div
                    class="row"
                  >
                    <div
                      class="col-lg-6"
                    >
                      <div
                        class="accordian-area"
                      >
                        <div
                          class="accordion"
                          id="accordionExample5"
                        >
                          <div
                            class="accordion-item"
                          >
                            <h2
                              class="accordion-header"
                            >
                              <button
                                aria-controls="collapse-41"
                                aria-expanded="false"
                                class="accordion-button collapsed"
                                data-bs-target="#collapse-41"
                                data-bs-toggle="collapse"
                                type="button"
                              >
                                What is Eventify, and who is it for?
                              </button>
                            </h2>
                            <div
                              class="accordion-collapse collapse "
                              data-bs-parent="#accordionExample5"
                              id="collapse-41"
                            >
                              <div
                                class="accordion-body"
                              >
                                <p>
                                  Eventify 2024 will be held on 26 at USA , located in New York. Full event details, including timings and venue information, will be provided after registration.
                                </p>
                              </div>
                            </div>
                            <div
                              class="space20"
                            />
                          </div>
                          <div
                            class="accordion-item"
                          >
                            <h2
                              class="accordion-header"
                            >
                              <button
                                aria-controls="collapse-42"
                                aria-expanded="false"
                                class="accordion-button collapsed"
                                data-bs-target="#collapse-42"
                                data-bs-toggle="collapse"
                                type="button"
                              >
                                When and where is Eventify 2024 taking place?
                              </button>
                            </h2>
                            <div
                              class="accordion-collapse collapse "
                              data-bs-parent="#accordionExample5"
                              id="collapse-42"
                            >
                              <div
                                class="accordion-body"
                              >
                                <p>
                                  Eventify 2024 will be held on 26 at USA , located in New York. Full event details, including timings and venue information, will be provided after registration.
                                </p>
                              </div>
                            </div>
                            <div
                              class="space20"
                            />
                          </div>
                          <div
                            class="accordion-item"
                          >
                            <h2
                              class="accordion-header"
                            >
                              <button
                                aria-controls="collapse-43"
                                aria-expanded="false"
                                class="accordion-button collapsed"
                                data-bs-target="#collapse-43"
                                data-bs-toggle="collapse"
                                type="button"
                              >
                                How much does it cost to attend Eventify 2024?
                              </button>
                            </h2>
                            <div
                              class="accordion-collapse collapse "
                              data-bs-parent="#accordionExample5"
                              id="collapse-43"
                            >
                              <div
                                class="accordion-body"
                              >
                                <p>
                                  Eventify 2024 will be held on 26 at USA , located in New York. Full event details, including timings and venue information, will be provided after registration.
                                </p>
                              </div>
                            </div>
                            <div
                              class="space20"
                            />
                          </div>
                          <div
                            class="accordion-item"
                          >
                            <h2
                              class="accordion-header"
                            >
                              <button
                                aria-controls="collapse-44"
                                aria-expanded="false"
                                class="accordion-button collapsed"
                                data-bs-target="#collapse-44"
                                data-bs-toggle="collapse"
                                type="button"
                              >
                                Will there be networking opportunities Eventify?
                              </button>
                            </h2>
                            <div
                              class="accordion-collapse collapse "
                              data-bs-parent="#accordionExample5"
                              id="collapse-44"
                            >
                              <div
                                class="accordion-body"
                              >
                                <p>
                                  Eventify 2024 will be held on 26 at USA , located in New York. Full event details, including timings and venue information, will be provided after registration.
                                </p>
                              </div>
                            </div>
                            <div
                              class="space20"
                            />
                          </div>
                          <div
                            class="accordion-item"
                          >
                            <h2
                              class="accordion-header"
                            >
                              <button
                                aria-controls="collapse-45"
                                aria-expanded="false"
                                class="accordion-button collapsed"
                                data-bs-target="#collapse-45"
                                data-bs-toggle="collapse"
                                type="button"
                              >
                                How can I access session materials after event?
                              </button>
                            </h2>
                            <div
                              class="accordion-collapse collapse "
                              data-bs-parent="#accordionExample5"
                              id="collapse-45"
                            >
                              <div
                                class="accordion-body"
                              >
                                <p>
                                  Eventify 2024 will be held on 26 at USA , located in New York. Full event details, including timings and venue information, will be provided after registration.
                                </p>
                              </div>
                            </div>
                          </div>
                        </div>
                      </div>
                    </div>
                    <div
                      class="col-lg-6"
                    >
                      <div
                        class="accordian-area"
                      >
                        <div
                          class="accordion"
                          id="accordionExample5"
                        >
                          <div
                            class="accordion-item"
                          >
                            <h2
                              class="accordion-header"
                            >
                              <button
                                aria-controls="collapse-46"
                                aria-expanded="false"
                                class="accordion-button collapsed"
                                data-bs-target="#collapse-46"
                                data-bs-toggle="collapse"
                                type="button"
                              >
                                What payment are accepted for registration?
                              </button>
                            </h2>
                            <div
                              class="accordion-collapse collapse "
                              data-bs-parent="#accordionExample5"
                              id="collapse-46"
                            >
                              <div
                                class="accordion-body"
                              >
                                <p>
                                  Eventify 2024 will be held on 26 at USA , located in New York. Full event details, including timings and venue information, will be provided after registration.
                                </p>
                              </div>
                            </div>
                            <div
                              class="space20"
                            />
                          </div>
                          <div
                            class="accordion-item"
                          >
                            <h2
                              class="accordion-header"
                            >
                              <button
                                aria-controls="collapse-47"
                                aria-expanded="false"
                                class="accordion-button collapsed"
                                data-bs-target="#collapse-47"
                                data-bs-toggle="collapse"
                                type="button"
                              >
                                Can I attend only one day of the conference?
                              </button>
                            </h2>
                            <div
                              class="accordion-collapse collapse "
                              data-bs-parent="#accordionExample5"
                              id="collapse-47"
                            >
                              <div
                                class="accordion-body"
                              >
                                <p>
                                  Eventify 2024 will be held on 26 at USA , located in New York. Full event details, including timings and venue information, will be provided after registration.
                                </p>
                              </div>
                            </div>
                            <div
                              class="space20"
                            />
                          </div>
                          <div
                            class="accordion-item"
                          >
                            <h2
                              class="accordion-header"
                            >
                              <button
                                aria-controls="collapse-48"
                                aria-expanded="false"
                                class="accordion-button collapsed"
                                data-bs-target="#collapse-48"
                                data-bs-toggle="collapse"
                                type="button"
                              >
                                How can I updated on event announcements?
                              </button>
                            </h2>
                            <div
                              class="accordion-collapse collapse "
                              data-bs-parent="#accordionExample5"
                              id="collapse-48"
                            >
                              <div
                                class="accordion-body"
                              >
                                <p>
                                  Eventify 2024 will be held on 26 at USA , located in New York. Full event details, including timings and venue information, will be provided after registration.
                                </p>
                              </div>
                            </div>
                            <div
                              class="space20"
                            />
                          </div>
                          <div
                            class="accordion-item"
                          >
                            <h2
                              class="accordion-header"
                            >
                              <button
                                aria-controls="collapse-49"
                                aria-expanded="false"
                                class="accordion-button collapsed"
                                data-bs-target="#collapse-49"
                                data-bs-toggle="collapse"
                                type="button"
                              >
                                How do I download the event app?
                              </button>
                            </h2>
                            <div
                              class="accordion-collapse collapse "
                              data-bs-parent="#accordionExample5"
                              id="collapse-49"
                            >
                              <div
                                class="accordion-body"
                              >
                                <p>
                                  Eventify 2024 will be held on 26 at USA , located in New York. Full event details, including timings and venue information, will be provided after registration.
                                </p>
                              </div>
                            </div>
                            <div
                              class="space20"
                            />
                          </div>
                          <div
                            class="accordion-item"
                          >
                            <h2
                              class="accordion-header"
                            >
                              <button
                                aria-controls="collapse-50"
                                aria-expanded="false"
                                class="accordion-button collapsed"
                                data-bs-target="#collapse-50"
                                data-bs-toggle="collapse"
                                type="button"
                              >
                                Can I suggest or speakers for future events?
                              </button>
                            </h2>
                            <div
                              class="accordion-collapse collapse "
                              data-bs-parent="#accordionExample5"
                              id="collapse-50"
                            >
                              <div
                                class="accordion-body"
                              >
                                <p>
                                  Eventify 2024 will be held on 26 at USA , located in New York. Full event details, including timings and venue information, will be provided after registration.
                                </p>
                              </div>
                            </div>
                          </div>
                        </div>
                      </div>
                    </div>
                  </div>
                </div>
              </div>
            </div>
            <div
              class="space50"
            />
          </div>
        </div>
      </div>
    </div>
  </div>
</div>
`;
